// Jest Snapshot v1, https://goo.gl/fbAQLP

exports[`renders the Header correctly 1`] = `
<header
  className="header"
>
  <div
    className="_logo"
  >
    <h1
      className="_text"
    >
      Slacker News
    </h1>
  </div>
  <div
    className="_menu"
  >
    <button
      className="button"
      onClick={[Function]}
      onKeyPress={[Function]}
      tabIndex="0"
    >
      Home
    </button>
    <button
      className="button"
      onClick={[Function]}
      onKeyPress={[Function]}
      tabIndex="0"
    >
      Jobs
    </button>
  </div>
</header>
`;
