// Jest Snapshot v1, https://goo.gl/fbAQLP

exports[`renders the Filter correctly 1`] = `
<div
  className="list-filter"
>
  <div
    className="_name"
  >
    Sort By: 
  </div>
  <button
    className="button _score _link"
    onClick={[Function]}
    onKeyPress={[Function]}
    tabIndex="0"
  >
    Scores
  </button>
  <button
    className="button _user _link"
    onClick={[Function]}
    onKeyPress={[Function]}
    tabIndex="0"
  >
    Users
  </button>
  <button
    className="button _date _link"
    onClick={[Function]}
    onKeyPress={[Function]}
    tabIndex="0"
  >
    Date
  </button>
  <div
    className="_list-select"
  >
    <div
      className="_name"
    >
      Show as: 
    </div>
    <button
      className="button undefined"
      onClick={[Function]}
      onKeyPress={[Function]}
      tabIndex="0"
    >
      List
    </button>
  </div>
</div>
`;
