// Jest Snapshot v1, https://goo.gl/fbAQLP

exports[`renders the Filter correctly 1`] = `
<div
  className="list-filter"
>
  <div
    className="_score"
    onClick={[Function]}
  >
    Scores
  </div>
  <div
    className="_user"
    onClick={[Function]}
  >
    Users
  </div>
  <div
    className="_date"
    onClick={[Function]}
  >
    Date
  </div>
</div>
`;
